intellij-idea-ultimate --classic --edge
notion-snap-reborn
slack